../Core/Src/main.c:94:5:Read_Distance	16	static
../Core/Src/main.c:116:6:ADC_Select_CH0	24	static
../Core/Src/main.c:130:6:ADC_Select_CH1	24	static
../Core/Src/main.c:150:5:main	32	static
../Core/Src/main.c:289:6:SystemClock_Config	88	static
../Core/Src/main.c:336:13:MX_ADC1_Init	24	static
../Core/Src/main.c:397:13:MX_TIM1_Init	32	static
../Core/Src/main.c:443:13:MX_USART1_UART_Init	8	static
../Core/Src/main.c:476:13:MX_USART2_UART_Init	8	static
../Core/Src/main.c:509:13:MX_GPIO_Init	48	static
../Core/Src/main.c:577:6:Error_Handler	4	static,ignoring_inline_asm
