../Core/Src/main.c:89:6:Read_Distance	16	static
../Core/Src/main.c:110:6:ADC_Select_CH0	24	static
../Core/Src/main.c:124:6:ADC_Select_CH1	24	static
../Core/Src/main.c:144:5:main	16	static
../Core/Src/main.c:259:6:SystemClock_Config	88	static
../Core/Src/main.c:306:13:MX_ADC1_Init	24	static
../Core/Src/main.c:367:13:MX_TIM1_Init	32	static
../Core/Src/main.c:413:13:MX_USART2_UART_Init	8	static
../Core/Src/main.c:446:13:MX_GPIO_Init	48	static
../Core/Src/main.c:514:6:Error_Handler	4	static,ignoring_inline_asm
